{
  "user_name": "davout",
  "passward": "test"
}
