{
  "user_name": "undefeated-davout",
  "password": "test"
}
